
--- FEEDBACK LOGIC VERIFICATION ---

Testing query: '  ' (Should be empty after trim)
Trimmed: ''
Running refresh query...
Results found: 1
First result Name: Aditya | UserUID: N/A | WorkerUID: N/A

Testing query: 'nonexistent' (Should return 0 results)
Trimmed: 'nonexistent'
Running search query...
Results found: 0

Testing query: '@' (Should return email matches)
Trimmed: '@'
Running search query...
Results found: 0

Testing Refresh Logic (Joins)...

Fatal error: Uncaught PDOException: SQLSTATE[42S22]: Column not found: 1054 Unknown column 'u.user_uid' in 'field list' in C:\xampp\htdocs\laubour\verify_feedback_fix.php:43
Stack trace:
#0 C:\xampp\htdocs\laubour\verify_feedback_fix.php(43): PDO->query('\r\n    SELECT f....')
#1 {main}
  thrown in C:\xampp\htdocs\laubour\verify_feedback_fix.php on line 43
PHP Fatal error:  Uncaught PDOException: SQLSTATE[42S22]: Column not found: 1054 Unknown column 'u.user_uid' in 'field list' in C:\xampp\htdocs\laubour\verify_feedback_fix.php:43
Stack trace:
#0 C:\xampp\htdocs\laubour\verify_feedback_fix.php(43): PDO->query('\r\n    SELECT f....')
#1 {main}
  thrown in C:\xampp\htdocs\laubour\verify_feedback_fix.php on line 43
